// Jest Snapshot v1, https://goo.gl/fbAQLP

exports[`Skeleton Component Skeleton component renders correctly 1`] = `
<View
  style={
    Object {
      "flexDirection": "row",
    }
  }
>
  <View
    style={
      Object {
        "position": "relative",
      }
    }
  >
    <View
      style={
        Array [
          Object {
            "height": 100,
            "width": 100,
          },
          Object {
            "backgroundColor": "#E1E9EE",
            "overflow": "hidden",
          },
        ]
      }
    >
      <View
        style={
          Object {
            "bottom": 0,
            "left": 0,
            "position": "absolute",
            "right": 0,
            "top": 0,
            "transform": Array [
              Object {
                "translateX": -350,
              },
            ],
          }
        }
      >
        <BVLinearGradient
          colors={
            Array [
              4292995566,
              4294113532,
              4292995566,
            ]
          }
          endPoint={
            Object {
              "x": 1,
              "y": 0,
            }
          }
          locations={null}
          startPoint={
            Object {
              "x": 0,
              "y": 0,
            }
          }
          style={
            Object {
              "flex": 1,
            }
          }
        />
      </View>
    </View>
  </View>
  <View
    style={
      Object {
        "flex": 1,
        "justifyContent": "space-between",
        "marginLeft": 12,
      }
    }
  >
    <View
      style={
        Object {
          "position": "relative",
        }
      }
    >
      <View
        style={
          Array [
            Object {
              "height": 20,
              "width": "50%",
            },
            Object {
              "backgroundColor": "#E1E9EE",
              "overflow": "hidden",
            },
          ]
        }
      >
        <View
          style={
            Object {
              "bottom": 0,
              "left": 0,
              "position": "absolute",
              "right": 0,
              "top": 0,
              "transform": Array [
                Object {
                  "translateX": -350,
                },
              ],
            }
          }
        >
          <BVLinearGradient
            colors={
              Array [
                4292995566,
                4294113532,
                4292995566,
              ]
            }
            endPoint={
              Object {
                "x": 1,
                "y": 0,
              }
            }
            locations={null}
            startPoint={
              Object {
                "x": 0,
                "y": 0,
              }
            }
            style={
              Object {
                "flex": 1,
              }
            }
          />
        </View>
      </View>
    </View>
    <View
      style={
        Object {
          "position": "relative",
        }
      }
    >
      <View
        style={
          Array [
            Object {
              "height": 20,
              "width": "30%",
            },
            Object {
              "backgroundColor": "#E1E9EE",
              "overflow": "hidden",
            },
          ]
        }
      >
        <View
          style={
            Object {
              "bottom": 0,
              "left": 0,
              "position": "absolute",
              "right": 0,
              "top": 0,
              "transform": Array [
                Object {
                  "translateX": -350,
                },
              ],
            }
          }
        >
          <BVLinearGradient
            colors={
              Array [
                4292995566,
                4294113532,
                4292995566,
              ]
            }
            endPoint={
              Object {
                "x": 1,
                "y": 0,
              }
            }
            locations={null}
            startPoint={
              Object {
                "x": 0,
                "y": 0,
              }
            }
            style={
              Object {
                "flex": 1,
              }
            }
          />
        </View>
      </View>
    </View>
    <View
      style={
        Object {
          "position": "relative",
        }
      }
    >
      <View
        style={
          Array [
            Object {
              "height": 20,
              "width": "80%",
            },
            Object {
              "backgroundColor": "#E1E9EE",
              "overflow": "hidden",
            },
          ]
        }
      >
        <View
          style={
            Object {
              "bottom": 0,
              "left": 0,
              "position": "absolute",
              "right": 0,
              "top": 0,
              "transform": Array [
                Object {
                  "translateX": -350,
                },
              ],
            }
          }
        >
          <BVLinearGradient
            colors={
              Array [
                4292995566,
                4294113532,
                4292995566,
              ]
            }
            endPoint={
              Object {
                "x": 1,
                "y": 0,
              }
            }
            locations={null}
            startPoint={
              Object {
                "x": 0,
                "y": 0,
              }
            }
            style={
              Object {
                "flex": 1,
              }
            }
          />
        </View>
      </View>
    </View>
  </View>
</View>
`;
